------ Authentication ------
id : root
passwd : pivot@eee
-----------------------------------
root@sns.com
post : Post contents
recommend <number> : recommend <number> interesting posts
search <keyword> : List post entries whose contents contain <keyword>
exit : Terminate this program
-----------------------------------
Command : recommend 1
-----------------------------------
id: 314
created at: 2019/02/20 00:00:00
title: then caviar alert are is 
content: buteo
then am are cornish is he
he my my am a the adroit are he are you is you he dreamless
where you chevalier then is where her my then the you you creation the cynocephalidae are why biscuits 
alexandria auriga befoul derived cellulosid duet concious dachau disinterestedness essaying
bh anxiousseat acrocarp dividers coleonyx advance(a) dolphin constipate agog deprivation
carambola displeasure exploit attuned assistive baccharis barnacled aegyptopithecus amplification boogie
bougie eau cresol cajun curmudgeon acrocephalus cocktail catechism bugle carvel-built
coiffure anergy endodontics effluxion expectant bassariscidae curassow alter banister cinclus
apodeme blackhead cocoa chaetal contextual araba amaryllidaceae deceleration attribution breathe
beaucoup ablepsia coverture beryl cucurbita betula associative accepting catechistic euproctis
adelomorphous balldress brand-newness catacomb basidiolichen brunt carpet attainder crape centerpiece
deluge arboraceous agouti chaffe dualistic adherent bolt-hole bannerlike absento contra
badli anguidae embalmer effort anneal drinkable annunciation celestite entice coverall
asio bullfighter boiler chirrup dreggy banzaijapanese appointments eutamias contuse burgle
amaryllidaceae exceptional canape communist cunningman carver abdication bodybuilding chigoe amid
diapensiaceae aneurysm carnosaur crackajack campaign enough affluxion competition beg crutched
coffeeberry cogitate blinds crossroads disfigurement abscision ditch diluent devote androgenesis
dilemma danae clathrus displeasure dissembler contortion bushes coup counterscarp bravo
cancellation eventual droit broker denigration cowering(a) ardently diclinous chaenactis anglophile
baneful bipinnatifid corridors coffer altarstairs dingdong downfield decide earthstar detestably
downstream boom entry essaying extinguisher behind aristarchy bowfin bulbaceous cusped
beams boater expectantly econometrics disenable backyard blephilia breaks byway conjecturality
discretional arithmetic booted awkwardness burgh drippy dishevel conclude altarstairs annealing
craichy excogitation discompose dimethylglyoxime cocker enterotoxemia alterable eggnog disinterest corncrake
alnaschar blenheim conjecturality benzol discompose badv ascending(a) apodeme destructibility croft
blowback discontentment devitedness bighorn columbararium corncrake disdainful actuator catchy chaetal
blackleg cornish clinically bride badgering disdainful darlingtonia aller displeasure emaciated
bartlett bavin apace chirrup explosion escapement beaucoup diacoustics cerni ceaselessness
dhobi dialogism achondroplasia dipteronia allylic conover achomawi dextrad axially aphrodite
dyslexia clog earthquake bibliography afro all(a) cuniculus bumpkinly dogmatize cairngorm
basidiomycete aidless conover comprehensively camarista dome eveille assassination excellence bout
disconcerting bawcock allegedly is einsteinian dissonance ejectment bumbling alleviate carnal
acanthosis convey confabulation cro-magnon actinomyxidian escopet dissembling diplomat anaphoric brazen
consolidate blustering(a) erectness disembark elymus chromeyellow excel cephalotaceae ciconiiformes enologist
expire bobbish espousals cudweed
-----------------------------------
root@sns.com
post : Post contents
recommend <number> : recommend <number> interesting posts
search <keyword> : List post entries whose contents contain <keyword>
exit : Terminate this program
-----------------------------------
Command : 
